// Jest Snapshot v1, https://goo.gl/fbAQLP

exports[`CitiesList renders correctly 1`] = `
<section
  className="locations container"
>
  <ul
    className="locations__list tabs__list"
  >
    <li
      className="locations__item"
    >
      <a
        className="locations__item-link tabs__item tabs__item--active"
        href="#"
        onClick={[Function]}
      >
        <span>
          Amsterdam
        </span>
      </a>
    </li>
    <li
      className="locations__item"
    >
      <a
        className="locations__item-link tabs__item null"
        href="#"
        onClick={[Function]}
      >
        <span>
          Brusseles
        </span>
      </a>
    </li>
    <li
      className="locations__item"
    >
      <a
        className="locations__item-link tabs__item null"
        href="#"
        onClick={[Function]}
      >
        <span>
          Berlin
        </span>
      </a>
    </li>
    <li
      className="locations__item"
    >
      <a
        className="locations__item-link tabs__item null"
        href="#"
        onClick={[Function]}
      >
        <span>
          Cologne
        </span>
      </a>
    </li>
  </ul>
</section>
`;
