// Jest Snapshot v1, https://goo.gl/fbAQLP

exports[`withReviewForm renders correctly 1`] = `
<div>
  <form>
    <textarea />
    <button />
  </form>
</div>
`;
