// Jest Snapshot v1, https://goo.gl/fbAQLP

exports[`withSort renders correctly 1`] = `<div />`;
