// Jest Snapshot v1, https://goo.gl/fbAQLP

exports[`Map renders correctly 1`] = `
<section
  className="map property__map"
  id="map"
/>
`;
