// Jest Snapshot v1, https://goo.gl/fbAQLP

exports[`withToggleOpen renders correctly 1`] = `<div />`;
