// Jest Snapshot v1, https://goo.gl/fbAQLP

exports[`withMap renders correctly 1`] = `<div />`;
