// Jest Snapshot v1, https://goo.gl/fbAQLP

exports[`ReviewsList renders correctly 1`] = `
<section
  className="property__reviews reviews"
>
  <h2
    className="reviews__title"
  >
    Reviews Â· 
    <span
      className="reviews__amount"
    >
      2
    </span>
  </h2>
  <ul
    className="reviews__list"
  >
    <li
      className="reviews__item"
    >
      <div
        className="reviews__user user"
      >
        <div
          className="reviews__avatar-wrapper user__avatar-wrapper"
        >
          <img
            alt="Max avatar"
            className="reviews__avatar user__avatar"
            height={54}
            src="img/avatar-max.jpg"
            width={54}
          />
        </div>
        <span
          className="reviews__user-name"
        >
          Max
        </span>
      </div>
      <div
        className="reviews__info"
      >
        <div
          className="reviews__rating rating"
        >
          <div
            className="reviews__stars rating__stars"
          >
            <span
              style={
                Object {
                  "width": "80%",
                }
              }
            />
            <span
              className="visually-hidden"
            >
              4
            </span>
          </div>
        </div>
        <p
          className="reviews__text"
        >
          A quiet cozy and picturesque that hides behind a a river by the unique lightness of Amsterdam. The building is green and from 18th century.
        </p>
        <time
          className="reviews__time"
          dateTime="2019-04-24"
        >
          April 24, 2019
        </time>
      </div>
    </li>
    <li
      className="reviews__item"
    >
      <div
        className="reviews__user user"
      >
        <div
          className="reviews__avatar-wrapper user__avatar-wrapper"
        >
          <img
            alt="Angelina avatar"
            className="reviews__avatar user__avatar"
            height={54}
            src="img/avatar-angelina.jpg"
            width={54}
          />
        </div>
        <span
          className="reviews__user-name"
        >
          Angelina
        </span>
      </div>
      <div
        className="reviews__info"
      >
        <div
          className="reviews__rating rating"
        >
          <div
            className="reviews__stars rating__stars"
          >
            <span
              style={
                Object {
                  "width": "100%",
                }
              }
            />
            <span
              className="visually-hidden"
            >
              5
            </span>
          </div>
        </div>
        <p
          className="reviews__text"
        >
          An independent House, strategically located between Rembrand Square and National Opera, but where the bustle of the city comes to rest in this alley flowery and colorful.
        </p>
        <time
          className="reviews__time"
          dateTime="2019-05-14"
        >
          May 14, 2019
        </time>
      </div>
    </li>
  </ul>
  <form
    action="#"
    className="reviews__form form"
    method="post"
    onSubmit={[Function]}
  >
    <label
      className="reviews__label form__label"
      htmlFor="review"
    >
      Your review
    </label>
    <div
      className="reviews__rating-form form__rating"
    >
      <input
        className="form__rating-input visually-hidden"
        defaultValue={5}
        id="5-stars"
        name="rating"
        onChange={[Function]}
        type="radio"
      />
      <label
        className="reviews__rating-label form__rating-label"
        htmlFor="5-stars"
        title="perfect"
      >
        <svg
          className="form__star-image"
          height={33}
          width={37}
        >
          <use
            xlinkHref="#icon-star"
          />
        </svg>
      </label>
      <input
        className="form__rating-input visually-hidden"
        defaultValue={4}
        id="4-stars"
        name="rating"
        onChange={[Function]}
        type="radio"
      />
      <label
        className="reviews__rating-label form__rating-label"
        htmlFor="4-stars"
        title="good"
      >
        <svg
          className="form__star-image"
          height={33}
          width={37}
        >
          <use
            xlinkHref="#icon-star"
          />
        </svg>
      </label>
      <input
        className="form__rating-input visually-hidden"
        defaultValue={3}
        id="3-stars"
        name="rating"
        onChange={[Function]}
        type="radio"
      />
      <label
        className="reviews__rating-label form__rating-label"
        htmlFor="3-stars"
        title="not good"
      >
        <svg
          className="form__star-image"
          height={33}
          width={37}
        >
          <use
            xlinkHref="#icon-star"
          />
        </svg>
      </label>
      <input
        className="form__rating-input visually-hidden"
        defaultValue={2}
        id="2-stars"
        name="rating"
        onChange={[Function]}
        type="radio"
      />
      <label
        className="reviews__rating-label form__rating-label"
        htmlFor="2-stars"
        title="badly"
      >
        <svg
          className="form__star-image"
          height={33}
          width={37}
        >
          <use
            xlinkHref="#icon-star"
          />
        </svg>
      </label>
      <input
        className="form__rating-input visually-hidden"
        defaultValue={1}
        id="1-stars"
        name="rating"
        onChange={[Function]}
        type="radio"
      />
      <label
        className="reviews__rating-label form__rating-label"
        htmlFor="1-stars"
        title="terribly"
      >
        <svg
          className="form__star-image"
          height={33}
          width={37}
        >
          <use
            xlinkHref="#icon-star"
          />
        </svg>
      </label>
    </div>
    <textarea
      className="reviews__textarea form__textarea"
      defaultValue=""
      id="review"
      maxLength={300}
      name="review"
      onChange={[Function]}
      placeholder="Tell how was your stay, what you like and what can be improved"
    />
    <div
      className="reviews__button-wrapper"
    >
      <p
        className="reviews__help"
      >
        To submit review please make sure to set 
        <span
          className="reviews__star"
        >
          rating
        </span>
         and describe your stay with at least 
        <b
          className="reviews__text-amount"
        >
          50 characters
        </b>
        . Maximum review length is 
        <b
          className="reviews__text-amount"
        >
          300 characters
        </b>
        .
      </p>
      <button
        className="reviews__submit form__submit button"
        disabled={true}
        type="submit"
      >
        Submit
      </button>
    </div>
  </form>
</section>
`;
